// Jest Snapshot v1, https://goo.gl/fbAQLP

exports[`My first snapshot test testing childs 1`] = `<span />`;
